// Jest Snapshot v1, https://goo.gl/fbAQLP

exports[`MyButton works 1`] = `
<button
  class="button is-primary"
>
  Hello World
</button>
`;

exports[`MyButton works 2`] = `
Object {
  "click": Array [
    Array [
      "Hello button clicked",
    ],
  ],
}
`;
